[backblue.gif]
[fade.gif]
[index.html]
[creative-era.com/era/images/fav_ico.ico]
[creative-era.com/era/images/slideshow_verient.png]
[creative-era.com/era/images/image-variant-single.png]
[creative-era.com/era/images/images-variant-slideshow.png]
[creative-era.com/era/images/local-video.png]
[creative-era.com/era/images/youtube-video.png]
[creative-era.com/era/images/responsive.png]
[creative-era.com/era/images/Slideshow/1.png]
[creative-era.com/era/images/Slideshow/2.png]
[creative-era.com/era/images/Slideshow/Era_Blue_Gradient.png]
[creative-era.com/era/images/Slideshow/Era_Green_Gradient.png]
[creative-era.com/era/images/Slideshow/Era_Orange_Gradient.png]
[creative-era.com/era/images/Slideshow/Era_Magenta_Gradient.png]
[creative-era.com/era/images/Slideshow/Era_Pink_Gradient.png]
[creative-era.com/era/images/Slideshow/Era_Purple_Gradient.png]
[creative-era.com/era/images/Slideshow/Era_Image.png]
[creative-era.com/era/images/Slideshow/Era_Image_slideshow.png]
[creative-era.com/era/images/Slideshow/Flat_Cyan.png]
[creative-era.com/era/images/Slideshow/Flat_Orange.png]
[creative-era.com/era/images/Slideshow/Flat_Green.png]
[creative-era.com/era/images/Slideshow/Era_FlatBlue.png]
[creative-era.com/era/images/Slideshow/Era_FlatDarkPurple.png]
[creative-era.com/era/images/Slideshow/Era_FlatPink.png]
[creative-era.com/era/images/Slideshow/Era_Local_Video.png]
[creative-era.com/era/images/Slideshow/Era_Youtube_Video.png]
[creative-era.com/era/js/jquery-1.12.4.js]
[creative-era.com/era/js/html5shiv-printshiv.js]
[creative-era.com/era/js/respond.js]
[creative-era.com/era/js/skrollr.min.js]
[creative-era.com/era/js/jquery.scrollme.js]
[creative-era.com/era/js/background.cycle.js]
[creative-era.com/era/js/animation.js]
[creative-era.com/era/index.html]
[creative-era.com/era/css/bootstrap.css]
[creative-era.com/era/images/single-image.png]
[creative-era.com/era/images/slideshow-img.png]
[creative-era.com/era/images/local-video-bg.png]
[creative-era.com/era/images/youtube-video-bg.png]
[creative-era.com/era/images/dotted-line.png]
[creative-era.com/era/css/index.css]
[creative-era.com/era/css/responsive.css]
[creative-era.com/era/index-2.html]
[creative-era.com/era/images/logo_v1.svg]
[creative-era.com/era/images/creative-era.svg]
[creative-era.com/era/images/green_g_verient.svg]
[creative-era.com/era/images/pink_g_verient.svg]
[creative-era.com/era/images/defaultverient.svg]
[creative-era.com/era/js/script.js]
[creative-era.com/era/index_white.html]
[creative-era.com/era/images/light-dark-template/default_variant_white.svg]
[creative-era.com/era/index_nightmode.html]
[creative-era.com/era/images/light-dark-template/default_variant_black.svg]
[creative-era.com/era/index_gradient_blue.html]
[creative-era.com/era/index_gradient_green.html]
[creative-era.com/era/index_gradient_orange.html]
[creative-era.com/era/index_gradient_magenta.html]
[creative-era.com/era/index_gradient_pink.html]
[creative-era.com/era/index_gradient_violet.html]
[creative-era.com/era/images/gradient-template/gradient-blue-variant.svg]
[creative-era.com/era/images/gradient-template/gradient-green-variant.svg]
[creative-era.com/era/images/gradient-template/gradient-orange-variant.svg]
[creative-era.com/era/images/gradient-template/gradient-magenta-variant.svg]
[creative-era.com/era/images/gradient-template/gradient-pink-variant.svg]
[creative-era.com/era/images/gradient-template/gradient-purple-variant.svg]
[creative-era.com/era/index_image.html]
[creative-era.com/era/index_imageslider.html]
[creative-era.com/era/index_flat_cyan.html]
[creative-era.com/era/index_flat_orange.html]
[creative-era.com/era/index_flat_green.html]
[creative-era.com/era/index_flat_blue.html]
[creative-era.com/era/index_flat_purple.html]
[creative-era.com/era/index_flat_pink.html]
[creative-era.com/era/images/flat-template/flat-cyan-variant.svg]
[creative-era.com/era/images/flat-template/flat-orange-variant.svg]
[creative-era.com/era/images/flat-template/flat-green-variant.svg]
[creative-era.com/era/images/flat-template/flat-blue-variant.svg]
[creative-era.com/era/images/flat-template/flat-purple-variant.svg]
[creative-era.com/era/images/flat-template/flat-pink-variant.svg]
[creative-era.com/era/images/bg.jpg]
[creative-era.com/era/video/New Zealand, Nature Landscapes.mp4]
[creative-era.com/era/index_video.html]
[creative-era.com/era/js/jquery.tubular.1.0.js]
[creative-era.com/era/index_videoYoutube.html]
[creative-era.com/era/images/logo_black_v1.svg]
[creative-era.com/era/images/second_.svg]
[creative-era.com/era/images/creative_era_logo.svg]
[creative-era.com/era/images/dribble.svg]
[creative-era.com/era/images/facebook.svg]
[creative-era.com/era/images/twitter.svg]
[creative-era.com/era/images/insta.svg]
[creative-era.com/era/images/google.svg]
[creative-era.com/era/fonts/glyphicons-halflings-regular.html]
[creative-era.com/era/fonts/glyphicons-halflings-regulard41d.html]
[creative-era.com/era/fonts/glyphicons-halflings-regular-2.html]
[creative-era.com/era/fonts/glyphicons-halflings-regular-3.html]
[creative-era.com/era/fonts/glyphicons-halflings-regular-4.html]
[creative-era.com/era/fonts/glyphicons-halflings-regular-5.html]
[creative-era.com/era/fonts/Arial-BoldMT.ttf]
[creative-era.com/era/fonts/HelveticaNeueLTStd-Bd.ttf]
[creative-era.com/era/fonts/HelveticaNeueLTStd-Roman.ttf]
[creative-era.com/era/fonts/ProximaNova-Regular.ttf]
[creative-era.com/era/fonts/ProximaNova-Semibold.ttf]
[creative-era.com/era/fonts/ProximaNova-Bold.ttf]
[creative-era.com/era/fonts/icomoonc9ae.ttf]
[creative-era.com/era/css/font.css]
[creative-era.com/era/images/up-arrow.svg]
[creative-era.com/era/css/style.css]
[creative-era.com/era/images/logo.svg]
[creative-era.com/era/images/second.svg]
[creative-era.com/era/images/logo-nightmode.svg]
[creative-era.com/era/images/secondwhite.svg]
[creative-era.com/era/images/secondtransnightmode_.svg]
[creative-era.com/era/images/logo-black.svg]
[creative-era.com/era/images/second_b.svg]
[creative-era.com/era/images/logo-white.svg]
[creative-era.com/era/images/secondtrans_.svg]
[creative-era.com/era/images/circle.html]
[creative-era.com/era/video/New Zealand, Nature Landscapes.mp4]
[creative-era.com/era/video/New Zealand, Nature Landscapes.mp4]
